...........oooooooooooooooooooooooo...........................
............oooooooooooooooooooooo......................................
.............oooooooooooooooooooo.....................................
..............oooooooooooooooooo....................................
...............oooooooooooooooo..................................
................oooooooooooooo..  eeeeeeeeeeee............eeeeeeeeeeeee
.................oooooooooooo.................................
..................oooooooooo................................
...................oooooooo..... eeee........eeee......eeeeeee
....................oooooo.... eeee..................eeeeeee
.....................oooo....eeeeeeeeeeeeeeeeeeeeeeeeeeeee
..................... oo...........
.......................ooooooooooooooooooooooooooo..........................
..........................bbb.....................
.................................bbb..............
..................................................
bbbbbbbbbbbbbbbbbbbbbbbbbbbbb....bbbbbbbbbbbbbbb..
..................................................
bbbbbbbbbbbbbbbbb...bbbbbbbbbbbbbbbbbbbbbbbbbbbbbf
...............................................bbb
..........................................bbbb....
bbbbbbbbbbbbbbbbbbbbbbbbbbbbbbbbbbbbbbbbbbbbbbbbbb