..................................................bbbbbbbbbbbbbbbbbbbbbbbbbbbbbbbbbbbbbbbbbbbbbbbbbbbbb
..................................................bbbbbbbbbbbbbbbbbbbbbbbbbbbbbbbbbbbbbbbbbbbbbbbbbbbbb
..................................................bbbb..bbbbb.bbbbbbbbbbbbbbbbbbbbbbbbb...bbbbbbbbbbbbb
..................................................bbb....bbb...bbbbbbbbbbbbbbbbbbbbb........bbbbbbbbbbb
...................................................b.......b.....bbbbbbbbbbbbbbbb.............bbbbbbbbb
...................................................b.......b.......bbbbbbbbbb....................bbbbbb
....................................................................bbbbbbb........................bbbb
......................................bb..............................bbb............................bb
.....................................bbbb.............bb..bb...bb......b...............b..............b
....................................bbxxbb.....bbbbb...........bb......b.............bbbb..............
...................................bbxxxxbb.....bbbb...........bb..................bbbbbbbbb...........
......................p...........bbxxxxxxbb.....bbbxxxxxxxxxxxbb.................bbbbbbbbbbbb.........
.................................bbxxxxxxxxbb.....bbxxxxxxxxxxbbbbb....b..b....bbbbbbbbbbbbbbbb........
.................b...bbb..b.....bbxxxxxxxxxxbb....bbbxxxxxxxxbbbbbbbbxxxxxxbbbbbbbbbbbbbbbbbbbbbbbbbbbb
................bb........bb.....bbxxxxxxxxbb....bbbbxxxxxxbbbbbbbbbbbbbxbbbbbbbbbbbbbbbbbbbbbbbbbbbbbb
...............bbb........bbb.....bbxxxxxxbb....bbbbbbxxxxbbbbbbbbbbbbxxbbbbbbbbbbbbbbbbbbbbxxxbbbbbbbb
..............bbbb........bbbb.....bbxxxxbb....bbbbbbbbxxbbbbbbbbbbbbxxxxbbbbbbbbbbbbbbbbbbxxxxxbbbbbbb
.............bbbbb........bbbbb.....bbxxbb....bbbbbbbbbbbbbbbbbbbbbxxxxxxxxbbbbbbbbbxxxbbbxxxxxxxbbbbbb
............bbbbbb........bbbbbb.....bbbb....bbbbbbbbbbbbbbbbbbbbbbbxxxxxxbbbbbbbbbbxxxxbbbbbbbbbbbbbbb
...........bbbbbbbxxxxxxxxbbbbbbb.....bb....bbbbbbbbbbbbbbbbbbbbbbbbbbxxxbbbbbbbbbbbbxxbbbbbbbbbbbbbbbb
..........bbbbbbbbxxxxxxxxbbbbbbbb.........bbbbbbbbbbbbbbbbbbbbbbbbbbbbbbbbbbbbbbbbbbbbbbbbbbbbbbbbbbbb
bbbbbbbbbbbbbbbbbbbbbbbbbbbbbbbbbbbbbbbbbbbbbbbbbbbbbbbbbbbbbbbbbbbbbbbbbbbbbbbbbbbbbbbbbbbbbbbbbbbbbbb