.......b..........................................................................................................................................
......bbb..........................................b..............................................................................................
.....b...b........................................bbb.............................................................................................
...bb.....b......................................bbpbb............................................................................................
..b........b......................................................................................................................................
.b..........b.....................................................................................................................................
.b..........b..................................cbbbbbbb...........................................................................................
.b..........b..................................cbbbbbbb..............................................................e............................
bbbbbb..bbbbbbbbbbbbbbbbb......................cbbbbbbb.............................................................bbb...........................
bbbbbb.................
bbbbbb.........p.....cc...........bb...cbbbbbbbbbbbbbbb...........................................................................................
bbbbbb........bbbbbb.cc...........bb...cbbbbbbbbbbbbbbbtttttbbbbbb...........bbbbbbbbbbbbbbbb....................e........e.......................
bbbbbb...............ccbbbbbbbbbbbbb...cbbbbbbbbbbbbbbbtttttbbbbb.............bbbbbbbbbbbbbbb..................bbbb.....bbbb......................
bbbbbb...............ccbbbbbbbbbbbbb...cbbbbbbbbbbbbbbbbbbbbbbbb...............bbbbb........b.....................................................
bbbbbb...........b...ccbbbbbbbbbbbbb...cbbbbbbbbbbbbbp.p.p.p.......................b........b....................e...e...e........................
bbbbbb.........b...b.ccbbbbbbbbbbbbb...cbbbbbbbbbbbbb.............bbb.....bbb.......bbbbbb..b.........bbbbbbbbbbbbbbbbbbbbbbb..bb.................
bbbbbb........bbxxxxbbcbbbbbbbbbbbbb...cbbbbbbbbbbbbb........b.b............................b......................................bbbb.........
bbbbbbbbbbbbbbbbbbbbbbbbbbbbbbbbbbbb...cbbbbbbbbbbbbb.e..b..bb......e............e..........b.................................................f...
bbbbbbbbbbbbbbbbbbbbbbbbbbbbbbbbbb.....cbbbbbbbbbbbbbbbbbbbbbb.....bbb.........bbbb...bbbbbbb............................................bbbbbb...
bbbbbbbbbbbbbbbbbbbbbbbbbbbbbbbbbbp....cbbbbbbbbbbbbbbbbxxxxxxxxxxxxxxxxxxxxxxxxxxxxxbbbbbxxxxxxxxxxxxxxxxxxxxxxxxxxxxxxxxxxxxxxxxxxxxxxxxxxxxxxxx
bbbbbbbbbbbbbbbbbbbbbbbbbbbbbbbbbbbbxxxbbbbbbbbbbbbbbbbbbbxxxxxxxxxxxxxxxxxxxxxxxxxxxbbbbbxxxxxxxxxxxxxxxxxxxxxxxxxxxxxxxxxxxxxxxxxxxxxxxxxxxxxxxx
bbbbbbbbbbbbbbbbbbbbbbbbbbbbbbbbbbbbbbbbbbbbbbbbbbbbbbbbbbbbbbbbbbbbbbbbbbbbbbbbbbbbbbbbbbxxxxxxxxxxxxxxxxxxxxxxxxxxxxxxxxxxxxxxxxxxxxxxxxxxxxxxxx