..........................................b....................bbbbbbbbbbbbbbbbbbbbbbbbbbbbbbbbbbbbbbbbbbbbbbbbbbbbbbbbbbbbbbbbbbbbbbbbbbbbbbbbb
..........................................b....................bbbbbbbbbbbbbbbbbbbbbbbbbbbbbbbbbbbbbbbbbbbbbbbbbbbbbbbbbbbbbbbbbbbbbbbbbbbbbbbbb
.............................bbbbbbbbbb...b....................bbbbbbbbbbbbbbbbbbbbbbbbbbbbbbbbbbbbbbbbbbbbbbbbbbbbbbbbbbbbbbbbbbbbbbbbbbbbbbbbb
...........c................bxxxxxxxxxxb..b....................bbbbbbbbbbbbbbbbbbbbbbbbbbbbbbbbbbbbbbbbbbbbbbbbbbbbbbbbbbbbbbbbbbbbbbbbbbbbbbbbb
...........c...............bxxxxxxxxxxxb..b....................bbbbbbbbbbbbbbbbbbbbbbbbbbbbbbbbbbbbbbbbbbbbbbbbbbbbbbbbbbbbbbbbbbbbbbbbbbbbbbbbb
...........c..............bxxxxxxxxxxxxb..b....................bbbbbbbbbbbbbbbbbbbbbbbbbbbbbbbbbbbbbbbbbbbbbbbbbbbbbbbbbbbbbbbbbbbbbbbbbbbbbbbbb
...........c.............bxxxxxxxxxxxxxb..b....................bbbbbbbbbbbbbbbbbbbbbbbbbbbbbbbbbbbbbbbbbbbbbbbbbbbbbbbbbbbbbbbbbbbbbbbbbbbbbbbbb
...........c............bxxxxxxxxxxxxxbb..b...................bbbbbbbbbbbbbbbbbbbbbbbbbbbbbbbbbbbbbbbbbbbbbbbbbbbbbbbbbbbbbbbbbbbbbbbbbbbbbbbbbb
...........c...........bxxxxxxxxxxxxxb....b...................b..............................................................................................................
...........c..........bxxxxxxxxxxxxxb....b....................b..............................................................................................................
...........c.........bxxxxxxxxxxxxxb....b.....................b....e.........................................................................................................
....................bxxxxxxxxxxxxxb....bxxxxxxxxxxxxxxxxxxxxxxxbbbbbbbbbb.................e............................bbbbb.................................................
...................bxxxxxxxxxxxxxb....bxxxxxxxxxxxxxxxxxxxxxxxxbbbbbbbb................bbbbbbbbbb......bbbbbbbbbbbbbbbbbbbbbxxxxxxxx.........................................
..................bxxxxxxxxxxxxxb....bxxxxxxxxxxxxxxxxxxxxxxxxxbbbbbbb.............bbbbbbbbbbxxxxxxxxxxxxxxbbbbbbbbbbbbbbbbbxxxxxxxxbbbbb....................................
.................bxxxxxxxxxxxxxb....bxxxxxxxxxxxxxxxxxxxxxxxxxxbbbbbb..........bbbbbbbbbbxxxxxxxxxxxxxxxxxxbbbbbbbbbbbbbbbbbxxxxxxxxbbbbbbbb.................................
................bxxxxxxxxxxxxxxxb....bxxxxxxxxxxxxxxxxxxxxxxxxxbbbb..........bbbbbbbbbbxxxxxxxxxxxxxxxxxxxxbbbbbbbbbbbbbbbbbxxxxxxxxbbbbbbbbbbbbb............................
...............bxxxxxxxxxxxxxxxxxb....bxxxxxxxxxxxxxbbbbbbbbbbb..........bbbbbbbbbbxxxxxxxxxxxxxxxxxxxxxxxxbbbbbbbbbbbbbbbbbxxxxxxxxbbbbbbbbbbbbbbbbb..e.....................
..............bxxxxxxxxxxxxxxxxxxxb....bxxxxxxxxxxxb................bbbbbbbbbbxxxxxxxxxxxxxxxxxxxxxxxxxxxxxbbbbbbbbbbbbbbbbbxxxxxxxxbbbbbbbbbbbbbbbbbbbbbb...................
.............bxxxxxxxxxxxxxxxxxxxxxb....bxxxxxxxxxb........e...bbbbbbbbbbxxxxxxxxxxxxxxxxxxxxxxxxxxxxxxxxxxbbbbbbbbbbbbbbbbbxxxxxxxxbbbbbbbbbbbbbbbbbbbbbbbbbb...............
............bxxxxxxxxxxxxxxxxxxxxxxxb....bbbbbbbbb.....bbbbbbbbbbbbxxxxxxxxxxxxxxxxxxxxxxxxxxxxxxxxxxxxxxxxbbbbbbbbbbbbbbbbbxxxxxxxxbbbbbbbbbbbbbbbbbbbbbbbbbbbb.............
...........bxxxxxxxxxxxxxxxxxxxxxxxxxb................bbbbbbbbbbbbbbbbbbbbbbbbbbbbbbbbbbbbbbbbbbbbbbbbbbbbbbbbbbbbbbbbbbbbbbbbbbbbbbbbbbbbbbbbbbbbbbbbbbbbbbbbbbbbbb.........
bbbbbbbbbbbbbbbbbbbbbbbbbbbbbbbbbbbbbbbbbbbbbbbbbbbbbbbbbbbbbbbbbbbbbbbbbbbbbbbbbbbbbbbbbbbbbbbbbbbbbbbbbbbbbbbbbbbbbbbbbbbbbbbbbbbbbbbbbbbbbbbbbbbbbbbbbbbbbbbbbbbbbbbb