..................................................
..................................................
..................................................
..................................................
........................................................e.........
..................................................
..................................................bbbbbbb
..................................................bb....bbb
................................................bb.......bbbb
.................p.............................b...........bbbb
.............c...........bbbbbbbbe...bbbb...bbbbbbbb........bbbb...........
........bbbbbcbbbbbbbb...................................................
.............c........................................bbbbbbb.....bbbb...................bbbbbbb
.............c................................................xxxx........................bbbb 
.............c...........................................................................bbbbbbbbb
.............cbbbbbbb........................................................................bbb.....
........................................................................bbbb.......
......................bbbbbe....bbbbbbb.....................................
.........................................bb.............................
....................................bb..................................
bbbbbbb......bbbbbb.....bbbbbbbbbbb........................................
xxxxxxxxxxxxxxxxxxxxxxxxxxxxxxxxxxxxxxxxxxxxxxxxxxxxxxxxxxxxxxxxxxxxxxxxxxxxbbbbbbbbbbbbbbb