..................................................
..................................................
..................................................
..................................................
..................................................
..................................................
..................................................
..................................................
..................................................
..................................................
..................................................
........bbbbbbbbbbbbbb............................
..................................................
..........................bbb.....................
.................................bbb..............
..................................................
.......................................bbbb.......
..................................................
.................................................f
...............................................bbb
..........................................bbbb....
bbbbbbbbbbbbbbbbbbbbbbbbbbbbbbbbbbbbbbbbbbbbbbbbbb