..................................................
..................................................
..................................................
..................................................
..................................................
..................................................
..................................................
..................................................
..................................................
...............................................f..
..................................................
.............................................bb...
..................................................
.......................................b..bbb.....
....................................b.............
..................................bb..............
..................................................
..........................b.....b.........e.......
.......................................bbbbb......
........................bb............b.........b.........................bb............b.........b.........................bb............b.........b.........................bb............b.........b.........................bb............b.........b.........................bb............b.........b.........................bb............b.........b.........................bb............b.........b.
.........e..e....b..bbb......b..............ee.............e..e....b..bbb......b..............ee.............e..e....b..bbb......b..............ee.............e..e....b..bbb......b..............ee.............e..e....b..bbb......b..............ee.............e..e....b..bbb......b..............ee.............e..e....b..bbb......b..............ee.............e..e....b..bbb......b..............ee....
bbbbbbbbbbbbbbbbxxxxxxxxxxxxxxxxxxxxxxxxxxxxbbbbbbbbbbbbbbbbbbbbbbxxxxxxxxxxxxxxxxxxxxxxxxxxxxbbbbbbbbbbbbbbbbbbbbbbxxxxxxxxxxxxxxxxxxxxxxxxxxxxbbbbbbbbbbbbbbbbbbbbbbxxxxxxxxxxxxxxxxxxxxxxxxxxxxbbbbbbbbbbbbbbbbbbbbbbxxxxxxxxxxxxxxxxxxxxxxxxxxxxbbbbbbbbbbbbbbbbbbbbbbxxxxxxxxxxxxxxxxxxxxxxxxxxxxbbbbbbbbbbbbbbbbbbbbbbxxxxxxxxxxxxxxxxxxxxxxxxxxxxbbbbbbbbbbbbbbbbbbbbbbxxxxxxxxxxxxxxxxxxxxxxxxxxxxbbbbbb