..................................................bbbbbbbbbbbbbbbbbbbbbbbbbbbbbbbbbbbbbbbbbbbbbbbbbbbbb
..................................................bbbbbbbbbbbbbbbbbbbbbbbbbbbbbbbbbbbbbbbbbbbbbbbbbbbbb
..................................................bbbb..bbbbb.bbbbbbbbbbbbbbbbbbbbbbbbb...bbbbbbbbbbbbb
..................................................bbb....bbb...bbbbbbbbbbbbbbbbbbbbb........bbbbbbbbbbb
...................................................b.......b.....bbbbbbbbbbbbbbbb.............bbbbbbbbb
...................................................b.......b.......bbbbbbbbbb....................bbbbbb
....................................................................bbbbbbb........................bbbb
......................................................................bbb............................bb
.......................................................................b...............b..............b
.......................................................................b.............bbbb.............f
...................................................................................bbbbbbbbb..........f
......................p........................................bb.................bbbbbbbbbbbb........f
..............................................................bbbb.....bb.......bbbbbbbbbbbbbbbb......f
.................b...bb...b.................................bbbbbbbbxxxxxxbbbbbbbbbbbbbbbbbbbbbbbbbbbbb
......eee.......bb........bb...............................bbbbbbbbbbbbbxbbbbbbbbbbbbbbbbbbbbbbbbbbbbbb
...............bbb........bbb.............................bbbbbbbbbbbbxxbbbbbbbbbbbbbbbbbbbbxxxbbbbbbbb
........e.....bbbb..bbbbb.bbbb...........................bbbbbbbbbbbbxxxxbbbbbbbbbbbbbbbbbbxxxxxbbbbbbb
.............bbbbb........bbbbb.........................bbbbbbbbbbbxxxxxxxxbbbbbbbbbxxxbbbxxxxxxxbbbbbb
............bbbbbb........bbbbbb.....................bbbbbbbbbbbbbbbxxxxxxbbbbbbbbbbxxxxbbbbbbbbbbbbbbb
...........bbbbbbbxxxxxxxxbbbbbbb..................bbbbbbbbbbbbbbbbbbbxxxbbbbbbbbbbbbxxbbbbbbbbbbbbbbbb
..........bbbbbbbbxxxxxxxxbbbbbbbb................bbbbbbbbbbbbbbbbbbbbbbbbbbbbbbbbbbbbbbbbbbbbbbbbbbbbb
bbbbbbbbbbbbbbbbbbbbbbbbbbbbbbbbbbbbbbbbbbbbbbbbbbbbbbbbbbbbbbbbbbbbbbbbbbbbbbbbbbbbbbbbbbbbbbbbbbbbbbb